// Jest Snapshot v1, https://goo.gl/fbAQLP

exports[`Home should render screen correctly 1`] = `
<View
  style={
    [
      {
        "backgroundColor": "#FFFFFF",
        "flexBasis": 0,
        "flexGrow": 1,
        "flexShrink": 1,
        "gap": 20,
        "paddingBottom": 0,
        "paddingLeft": 24,
        "paddingRight": 24,
        "paddingTop": 24,
      },
    ]
  }
>
  <RCTScrollView
    ItemSeparatorComponent={[Function]}
    ListEmptyComponent={[Function]}
    ListFooterComponent={[Function]}
    ListHeaderComponent={[Function]}
    data={[]}
    getItem={[Function]}
    getItemCount={[Function]}
    keyExtractor={[Function]}
    onContentSizeChange={[Function]}
    onLayout={[Function]}
    onMomentumScrollBegin={[Function]}
    onMomentumScrollEnd={[Function]}
    onScroll={[Function]}
    onScrollBeginDrag={[Function]}
    onScrollEndDrag={[Function]}
    refreshControl={<RefreshControlMock />}
    removeClippedSubviews={false}
    renderItem={[Function]}
    scrollEventThrottle={50}
    showsVerticalScrollIndicator={false}
    stickyHeaderIndices={
      [
        0,
      ]
    }
    viewabilityConfigCallbackPairs={[]}
  >
    <RCTRefreshControl />
    <View>
      <View
        collapsable={false}
        onLayout={[Function]}
      >
        <View
          style={
            [
              {
                "backgroundColor": "#FFFFFF",
                "gap": 8,
                "paddingBottom": 16,
              },
            ]
          }
        >
          <Text
            style={
              [
                {
                  "color": "#000000",
                },
                {
                  "color": "#707683",
                  "fontSize": 20,
                  "fontWeight": "bold",
                },
              ]
            }
          >
            Ol√° 
            !
          </Text>
          <Text
            style={
              [
                {
                  "color": "#000000",
                },
                {
                  "color": "#707683",
                  "fontSize": 20,
                  "fontWeight": "bold",
                },
              ]
            }
          >
            Agenda
          </Text>
        </View>
      </View>
      <View
        style={
          [
            {
              "gap": 8,
              "paddingBottom": 24,
              "paddingLeft": 0,
              "paddingRight": 0,
              "paddingTop": 24,
            },
          ]
        }
      >
        <Text
          style={
            [
              {
                "color": "#000000",
              },
              {
                "color": "#000000",
                "fontSize": 18,
              },
            ]
          }
          testID="empty-message"
        >
          Sem consultas para exibir. Que tal criar uma?
        </Text>
        <View
          accessibilityState={
            {
              "busy": undefined,
              "checked": undefined,
              "disabled": undefined,
              "expanded": undefined,
              "selected": undefined,
            }
          }
          accessibilityValue={
            {
              "max": undefined,
              "min": undefined,
              "now": undefined,
              "text": undefined,
            }
          }
          accessible={true}
          collapsable={false}
          focusable={false}
          onClick={[Function]}
          onResponderGrant={[Function]}
          onResponderMove={[Function]}
          onResponderRelease={[Function]}
          onResponderTerminate={[Function]}
          onResponderTerminationRequest={[Function]}
          onStartShouldSetResponder={[Function]}
          style={
            {
              "alignItems": "center",
              "backgroundColor": "#2ED47A",
              "borderRadius": 4,
              "justifyContent": "center",
              "maxWidth": "100%",
              "minHeight": 48,
              "opacity": 1,
              "paddingBottom": 8,
              "paddingLeft": 16,
              "paddingRight": 16,
              "paddingTop": 8,
            }
          }
        >
          <Text
            style={
              [
                {
                  "color": "#000000",
                },
                {
                  "color": "#FFFFFF",
                  "fontSize": 18,
                },
              ]
            }
            type="filled"
          >
            Criar consulta
          </Text>
        </View>
      </View>
      <View
        onLayout={[Function]}
      >
        <View
          style={
            [
              {
                "height": 30,
              },
            ]
          }
        />
      </View>
    </View>
  </RCTScrollView>
</View>
`;
