// Jest Snapshot v1, https://goo.gl/fbAQLP

exports[`HomeView should render screen correctly 1`] = `
<View
  style={
    [
      {
        "backgroundColor": "#FFFFFF",
        "flexBasis": 0,
        "flexGrow": 1,
        "flexShrink": 1,
        "gap": 20,
        "paddingBottom": 0,
        "paddingLeft": 24,
        "paddingRight": 24,
        "paddingTop": 24,
      },
    ]
  }
>
  <RCTScrollView
    ItemSeparatorComponent={[Function]}
    ListEmptyComponent={[Function]}
    ListFooterComponent={[Function]}
    ListHeaderComponent={[Function]}
    data={
      [
        {
          "date": "mocked_date",
          "id": 0,
          "observation": "mocked_info",
          "patient": "mocked_patient",
        },
        {
          "date": "mocked_date",
          "id": 1,
          "observation": "mocked_info",
          "patient": "mocked_patient",
        },
      ]
    }
    getItem={[Function]}
    getItemCount={[Function]}
    keyExtractor={[Function]}
    onContentSizeChange={[Function]}
    onLayout={[Function]}
    onMomentumScrollBegin={[Function]}
    onMomentumScrollEnd={[Function]}
    onScroll={[Function]}
    onScrollBeginDrag={[Function]}
    onScrollEndDrag={[Function]}
    refreshControl={
      <RefreshControlMock
        onRefresh={[MockFunction]}
        refreshing={false}
      />
    }
    removeClippedSubviews={false}
    renderItem={[Function]}
    scrollEventThrottle={50}
    showsVerticalScrollIndicator={false}
    stickyHeaderIndices={
      [
        0,
      ]
    }
    viewabilityConfigCallbackPairs={[]}
  >
    <RCTRefreshControl />
    <View>
      <View
        collapsable={false}
        onLayout={[Function]}
      >
        <View
          style={
            [
              {
                "backgroundColor": "#FFFFFF",
                "gap": 8,
                "paddingBottom": 16,
              },
            ]
          }
        >
          <Text
            style={
              [
                {
                  "color": "#000000",
                },
                {
                  "color": "#707683",
                  "fontSize": 20,
                  "fontWeight": "bold",
                },
              ]
            }
          >
            Ol√° 
            Dr. John Doe
            !
          </Text>
          <Text
            style={
              [
                {
                  "color": "#000000",
                },
                {
                  "color": "#707683",
                  "fontSize": 20,
                  "fontWeight": "bold",
                },
              ]
            }
          >
            Agenda
          </Text>
        </View>
      </View>
      <View
        onFocusCapture={[Function]}
        onLayout={[Function]}
        style={null}
      >
        <View
          accessibilityState={
            {
              "busy": undefined,
              "checked": undefined,
              "disabled": undefined,
              "expanded": undefined,
              "selected": undefined,
            }
          }
          accessibilityValue={
            {
              "max": undefined,
              "min": undefined,
              "now": undefined,
              "text": undefined,
            }
          }
          accessible={true}
          collapsable={false}
          focusable={true}
          onClick={[Function]}
          onResponderGrant={[Function]}
          onResponderMove={[Function]}
          onResponderRelease={[Function]}
          onResponderTerminate={[Function]}
          onResponderTerminationRequest={[Function]}
          onStartShouldSetResponder={[Function]}
          style={
            {
              "backgroundColor": "#FFFFFF",
              "borderColor": "#C2CFE0",
              "borderRadius": 12,
              "borderStyle": "solid",
              "borderWidth": 0.5,
              "gap": 12,
              "opacity": 1,
              "paddingBottom": 16,
              "paddingLeft": 16,
              "paddingRight": 16,
              "paddingTop": 16,
              "width": "100%",
            }
          }
        >
          <View
            style={
              [
                {
                  "alignItems": "center",
                  "flexDirection": "row",
                  "gap": 8,
                },
              ]
            }
          >
            <svg
              data-file-name="SvgCalendar"
              height={28}
              stroke="#C2CFE0"
              width={28}
            />
            <View>
              <Text
                style={
                  [
                    {
                      "color": "#000000",
                    },
                    {
                      "color": "#707683",
                      "fontSize": 12,
                      "fontWeight": "bold",
                    },
                  ]
                }
              >
                Data
              </Text>
              <Text
                style={
                  [
                    {
                      "color": "#000000",
                    },
                  ]
                }
              >
                mocked_date
              </Text>
            </View>
          </View>
          <View
            style={
              [
                {
                  "flexDirection": "row",
                  "gap": 10,
                },
              ]
            }
          >
            <View
              primary={true}
              style={
                [
                  {
                    "backgroundColor": "#F28080",
                    "borderRadius": 2,
                    "height": 5,
                    "width": 80,
                  },
                ]
              }
            />
            <View
              style={
                [
                  {
                    "backgroundColor": "#C2CFE0",
                    "borderRadius": 2,
                    "height": 5,
                    "width": 80,
                  },
                ]
              }
            />
          </View>
          <View
            style={
              [
                {
                  "alignItems": "center",
                  "flexDirection": "row",
                  "gap": 8,
                },
              ]
            }
          >
            <View
              style={
                [
                  {
                    "backgroundColor": "#C2CFE0",
                    "borderRadius": 20,
                    "height": 40,
                    "overflow": "hidden",
                    "width": 40,
                  },
                ]
              }
            >
              <svg
                data-file-name="SvgUser"
                height={40}
                stroke="#F28080"
                width={40}
              />
            </View>
            <Text
              style={
                [
                  {
                    "color": "#000000",
                  },
                ]
              }
            >
              mocked_patient
            </Text>
          </View>
        </View>
        <View
          style={
            [
              {
                "height": 10,
              },
            ]
          }
        />
      </View>
      <View
        onFocusCapture={[Function]}
        onLayout={[Function]}
        style={null}
      >
        <View
          accessibilityState={
            {
              "busy": undefined,
              "checked": undefined,
              "disabled": undefined,
              "expanded": undefined,
              "selected": undefined,
            }
          }
          accessibilityValue={
            {
              "max": undefined,
              "min": undefined,
              "now": undefined,
              "text": undefined,
            }
          }
          accessible={true}
          collapsable={false}
          focusable={true}
          onClick={[Function]}
          onResponderGrant={[Function]}
          onResponderMove={[Function]}
          onResponderRelease={[Function]}
          onResponderTerminate={[Function]}
          onResponderTerminationRequest={[Function]}
          onStartShouldSetResponder={[Function]}
          style={
            {
              "backgroundColor": "#FFFFFF",
              "borderColor": "#C2CFE0",
              "borderRadius": 12,
              "borderStyle": "solid",
              "borderWidth": 0.5,
              "gap": 12,
              "opacity": 1,
              "paddingBottom": 16,
              "paddingLeft": 16,
              "paddingRight": 16,
              "paddingTop": 16,
              "width": "100%",
            }
          }
        >
          <View
            style={
              [
                {
                  "alignItems": "center",
                  "flexDirection": "row",
                  "gap": 8,
                },
              ]
            }
          >
            <svg
              data-file-name="SvgCalendar"
              height={28}
              stroke="#C2CFE0"
              width={28}
            />
            <View>
              <Text
                style={
                  [
                    {
                      "color": "#000000",
                    },
                    {
                      "color": "#707683",
                      "fontSize": 12,
                      "fontWeight": "bold",
                    },
                  ]
                }
              >
                Data
              </Text>
              <Text
                style={
                  [
                    {
                      "color": "#000000",
                    },
                  ]
                }
              >
                mocked_date
              </Text>
            </View>
          </View>
          <View
            style={
              [
                {
                  "flexDirection": "row",
                  "gap": 10,
                },
              ]
            }
          >
            <View
              primary={true}
              style={
                [
                  {
                    "backgroundColor": "#F28080",
                    "borderRadius": 2,
                    "height": 5,
                    "width": 80,
                  },
                ]
              }
            />
            <View
              style={
                [
                  {
                    "backgroundColor": "#C2CFE0",
                    "borderRadius": 2,
                    "height": 5,
                    "width": 80,
                  },
                ]
              }
            />
          </View>
          <View
            style={
              [
                {
                  "alignItems": "center",
                  "flexDirection": "row",
                  "gap": 8,
                },
              ]
            }
          >
            <View
              style={
                [
                  {
                    "backgroundColor": "#C2CFE0",
                    "borderRadius": 20,
                    "height": 40,
                    "overflow": "hidden",
                    "width": 40,
                  },
                ]
              }
            >
              <svg
                data-file-name="SvgUser"
                height={40}
                stroke="#F28080"
                width={40}
              />
            </View>
            <Text
              style={
                [
                  {
                    "color": "#000000",
                  },
                ]
              }
            >
              mocked_patient
            </Text>
          </View>
        </View>
      </View>
      <View
        onLayout={[Function]}
      >
        <View
          style={
            [
              {
                "height": 30,
              },
            ]
          }
        />
      </View>
    </View>
  </RCTScrollView>
</View>
`;
