// Jest Snapshot v1, https://goo.gl/fbAQLP

exports[`Text component should render default component correctly 1`] = `
<Text
  style={
    [
      {
        "color": "#000000",
      },
    ]
  }
>
  Button component
</Text>
`;
