// Jest Snapshot v1, https://goo.gl/fbAQLP

exports[`ProfileView should render screen correctly 1`] = `
<View
  style={
    [
      {
        "alignItems": "center",
        "backgroundColor": "#FFFFFF",
        "flexBasis": 0,
        "flexGrow": 1,
        "flexShrink": 1,
        "gap": 24,
        "paddingBottom": 24,
        "paddingLeft": 24,
        "paddingRight": 24,
        "paddingTop": 24,
      },
    ]
  }
>
  <View
    style={
      [
        {
          "alignItems": "center",
          "gap": 16,
        },
      ]
    }
  >
    <View
      style={
        [
          {
            "backgroundColor": "#C2CFE0",
            "borderRadius": 40,
            "height": 80,
            "overflow": "hidden",
            "width": 80,
          },
        ]
      }
    >
      <svg
        data-file-name="SvgUser"
        height={80}
        stroke="#F28080"
        width={80}
      />
    </View>
    <View
      style={
        [
          {
            "alignItems": "center",
          },
        ]
      }
    >
      <Text
        style={
          [
            {
              "color": "#000000",
            },
            {
              "fontSize": 22,
              "fontWeight": "bold",
            },
          ]
        }
      >
        Dr. John Dow
      </Text>
      <Text
        style={
          [
            {
              "color": "#000000",
            },
            {
              "fontSize": 18,
            },
          ]
        }
      >
        johndoe@mail.com
      </Text>
    </View>
  </View>
  <View
    style={
      [
        {
          "flexDirection": "row",
          "gap": 10,
        },
      ]
    }
  >
    <View
      primary={true}
      style={
        [
          {
            "backgroundColor": "#F28080",
            "borderRadius": 2,
            "height": 5,
            "width": 80,
          },
        ]
      }
    />
    <View
      style={
        [
          {
            "backgroundColor": "#C2CFE0",
            "borderRadius": 2,
            "height": 5,
            "width": 80,
          },
        ]
      }
    />
  </View>
  <View
    style={
      [
        {
          "gap": 8,
          "width": "100%",
        },
      ]
    }
  >
    <View
      accessibilityState={
        {
          "busy": undefined,
          "checked": undefined,
          "disabled": undefined,
          "expanded": undefined,
          "selected": undefined,
        }
      }
      accessibilityValue={
        {
          "max": undefined,
          "min": undefined,
          "now": undefined,
          "text": undefined,
        }
      }
      accessible={true}
      collapsable={false}
      focusable={true}
      onClick={[Function]}
      onResponderGrant={[Function]}
      onResponderMove={[Function]}
      onResponderRelease={[Function]}
      onResponderTerminate={[Function]}
      onResponderTerminationRequest={[Function]}
      onStartShouldSetResponder={[Function]}
      style={
        {
          "alignItems": "center",
          "flexDirection": "row",
          "gap": 8,
          "opacity": 1,
        }
      }
    >
      <svg
        data-file-name="SvgSignOut"
        height={32}
        stroke="#000000"
        width={32}
      />
      <Text
        style={
          [
            {
              "color": "#000000",
            },
            {
              "fontSize": 18,
            },
          ]
        }
      >
        Sair
      </Text>
    </View>
  </View>
</View>
`;
