// Jest Snapshot v1, https://goo.gl/fbAQLP

exports[`AppointmentCard component should render default component correctly 1`] = `
<View
  accessibilityState={
    {
      "busy": undefined,
      "checked": undefined,
      "disabled": undefined,
      "expanded": undefined,
      "selected": undefined,
    }
  }
  accessibilityValue={
    {
      "max": undefined,
      "min": undefined,
      "now": undefined,
      "text": undefined,
    }
  }
  accessible={true}
  collapsable={false}
  focusable={false}
  onClick={[Function]}
  onResponderGrant={[Function]}
  onResponderMove={[Function]}
  onResponderRelease={[Function]}
  onResponderTerminate={[Function]}
  onResponderTerminationRequest={[Function]}
  onStartShouldSetResponder={[Function]}
  style={
    {
      "backgroundColor": "#FFFFFF",
      "borderColor": "#C2CFE0",
      "borderRadius": 12,
      "borderStyle": "solid",
      "borderWidth": 0.5,
      "gap": 12,
      "opacity": 1,
      "paddingBottom": 16,
      "paddingLeft": 16,
      "paddingRight": 16,
      "paddingTop": 16,
      "width": "100%",
    }
  }
>
  <View
    style={
      [
        {
          "alignItems": "center",
          "flexDirection": "row",
          "gap": 8,
        },
      ]
    }
  >
    <svg
      data-file-name="SvgCalendar"
      height={28}
      stroke="#C2CFE0"
      width={28}
    />
    <View>
      <Text
        style={
          [
            {
              "color": "#000000",
            },
            {
              "color": "#707683",
              "fontSize": 12,
              "fontWeight": "bold",
            },
          ]
        }
      >
        Data
      </Text>
      <Text
        style={
          [
            {
              "color": "#000000",
            },
          ]
        }
      >
        2023-10-01 8:30
      </Text>
    </View>
  </View>
  <View
    style={
      [
        {
          "flexDirection": "row",
          "gap": 10,
        },
      ]
    }
  >
    <View
      primary={true}
      style={
        [
          {
            "backgroundColor": "#F28080",
            "borderRadius": 2,
            "height": 5,
            "width": 80,
          },
        ]
      }
    />
    <View
      style={
        [
          {
            "backgroundColor": "#C2CFE0",
            "borderRadius": 2,
            "height": 5,
            "width": 80,
          },
        ]
      }
    />
  </View>
  <View
    style={
      [
        {
          "alignItems": "center",
          "flexDirection": "row",
          "gap": 8,
        },
      ]
    }
  >
    <View
      style={
        [
          {
            "backgroundColor": "#C2CFE0",
            "borderRadius": 20,
            "height": 40,
            "overflow": "hidden",
            "width": 40,
          },
        ]
      }
    >
      <svg
        data-file-name="SvgUser"
        height={40}
        stroke="#F28080"
        width={40}
      />
    </View>
    <Text
      style={
        [
          {
            "color": "#000000",
          },
        ]
      }
    >
      Mocked Name
    </Text>
  </View>
</View>
`;
