// Jest Snapshot v1, https://goo.gl/fbAQLP

exports[`RoundedButton component should render default component correctly 1`] = `
<View
  accessibilityState={
    {
      "busy": undefined,
      "checked": undefined,
      "disabled": undefined,
      "expanded": undefined,
      "selected": undefined,
    }
  }
  accessibilityValue={
    {
      "max": undefined,
      "min": undefined,
      "now": undefined,
      "text": undefined,
    }
  }
  accessible={true}
  collapsable={false}
  focusable={false}
  onClick={[Function]}
  onResponderGrant={[Function]}
  onResponderMove={[Function]}
  onResponderRelease={[Function]}
  onResponderTerminate={[Function]}
  onResponderTerminationRequest={[Function]}
  onStartShouldSetResponder={[Function]}
  style={
    {
      "backgroundColor": "#F28080",
      "borderRadius": 12,
      "elevation": 50,
      "height": 50,
      "opacity": 1,
      "shadowColor": "#f28080",
      "shadowOffset": {
        "height": 0,
        "width": 0,
      },
      "shadowOpacity": 1,
      "shadowRadius": 5,
      "width": 70,
    }
  }
>
  <svg
    data-file-name="SvgPlus"
    fill="none"
    height={32}
    width={32}
  />
</View>
`;
