// Jest Snapshot v1, https://goo.gl/fbAQLP

exports[`Modal component should render default component correctly 1`] = `
<Modal
  hardwareAccelerated={false}
  transparent={true}
  visible={false}
/>
`;
